
kesavan s@LAPTOP-C678P MINGW64 /c/git (master)
$ git version
git version 2.39.0.windows.2

kesavan s@LAPTOP-C678P MINGW64 /c/git (master)
$ git config --global user.name "kesavan"

kesavan s@LAPTOP-C678P MINGW64 /c/git (master)
$ git config --global user.email "kesavans2861@gmail.com"

kesavan s@LAPTOP-C678P MINGW64 /c/git (master)
$ git config --global --list
user.name=kesavan
user.email=kesavans2861@gmail.com

kesavan s@LAPTOP-C678P MINGW64 /c/git (master)
$ git init
Reinitialized existing Git repository in C:/git/.git/

kesavan s@LAPTOP-C678P MINGW64 /c/git (master)
$ ls -al
total 17
drwxr-xr-x 1 kesavan s 197121  0 Jan 23 20:36 ./
drwxr-xr-x 1 kesavan s 197121  0 Jan 23 20:16 ../
drwxr-xr-x 1 kesavan s 197121  0 Jan 23 20:49 .git/
-rw-r--r-- 1 kesavan s 197121 38 Jan 23 20:46 Welcome.txt

kesavan s@LAPTOP-C678P MINGW64 /c/git (master)
$ echo "Now to the version control" >> welcome.txt

kesavan s@LAPTOP-C678P MINGW64 /c/git (master)
$ echo "Now to the version control" >> Welcome.txt

kesavan s@LAPTOP-C678P MINGW64 /c/git (master)
$ ls -al
total 17
drwxr-xr-x 1 kesavan s 197121  0 Jan 23 20:36 ./
drwxr-xr-x 1 kesavan s 197121  0 Jan 23 20:16 ../
drwxr-xr-x 1 kesavan s 197121  0 Jan 23 20:49 .git/
-rw-r--r-- 1 kesavan s 197121 92 Jan 23 20:50 Welcome.txt

kesavan s@LAPTOP-C678P MINGW64 /c/git (master)
$ cat Welcome.txt
Welcome to github- Kesavan Repository
Now to the version control
Now to the version control

kesavan s@LAPTOP-C678P MINGW64 /c/git (master)
$ git status
On branch master

No commits yet

Changes to be committed:
  (use "git rm --cached <file>..." to unstage)
        new file:   Welcome.txt

Changes not staged for commit:
  (use "git add <file>..." to update what will be committed)
  (use "git restore <file>..." to discard changes in working directory)
        modified:   Welcome.txt


kesavan s@LAPTOP-C678P MINGW64 /c/git (master)
$ git add Welcome.txt
warning: in the working copy of 'Welcome.txt', LF will be replaced by CRLF the next time Git touches it

kesavan s@LAPTOP-C678P MINGW64 /c/git (master)
$ git commit -m "first commit"
[master (root-commit) 1342769] first commit
 1 file changed, 3 insertions(+)
 create mode 100644 Welcome.txt

kesavan s@LAPTOP-C678P MINGW64 /c/git (master)
$ git status
On branch master
nothing to commit, working tree clean

kesavan s@LAPTOP-C678P MINGW64 /c/git (master)
$ git remote add origin https://github.com/kesavan1828/getdemopractice.git

kesavan s@LAPTOP-C678P MINGW64 /c/git (master)
$ git push orgin master
fatal: 'orgin' does not appear to be a git repository
fatal: Could not read from remote repository.

Please make sure you have the correct access rights
and the repository exists.

kesavan s@LAPTOP-C678P MINGW64 /c/git (master)
$ git remote add origin https://github.com/kesavan1828/getdemopractice
error: remote origin already exists.

kesavan s@LAPTOP-C678P MINGW64 /c/git (master)
$ git push orgin master
fatal: 'orgin' does not appear to be a git repository
fatal: Could not read from remote repository.

Please make sure you have the correct access rights
and the repository exists.

kesavan s@LAPTOP-C678P MINGW64 /c/git (master)
$ git push origin master
Enumerating objects: 3, done.
Counting objects: 100% (3/3), done.
Delta compression using up to 8 threads
Compressing objects: 100% (2/2), done.
Writing objects: 100% (3/3), 274 bytes | 274.00 KiB/s, done.
Total 3 (delta 0), reused 0 (delta 0), pack-reused 0
To https://github.com/kesavan1828/getdemopractice.git
 * [new branch]      master -> master

